<html>
<body>
<pre>
<h1>µVision Build Log</h1>
<h2>Project:</h2>
C:\Users\Harry\Desktop\Spring 2022 CSUN\ECE 425L\lab8\lab8.uvproj
Project File Date:  04/01/2022

<h2>Output:</h2>
Rebuild target 'Target 1'
assembling Startup.s...
assembling Delaycode.s...
assembling TaskOneAndTwo.s...
assembling toggle.s...
assembling toggle_all.s...
compiling delay_C.c...
linking...
Program Size: Code=704 RO-data=0 RW-data=0 ZI-data=0  
FromELF: creating hex file...
".\lab8.axf" - 0 Error(s), 0 Warning(s).
</pre>
</body>
</html>
